# serializer version: 1
# name: test_r2_shiftvector_golden
  list([
    dict({
      'basename': 'Cijk_Ailk_Bjlk_S_B_UserArgs_MT128x64x16_SN_LDSB0p82RDpJtkh1WKVGU0Y9K2-WgjJ3FhjC94o_lDmp6Yu0=',
      'err': 0,
    }),
    dict({
      'basename': 'Cijk_Ailk_Bjlk_S_B_UserArgs_MT64x128x16_SN_LDSB0_U3Bcw-ohKwCO3DNe2myHPZJ41c6JDj0Wfvj9ALEXWs=',
      'err': 0,
    }),
    dict({
      'basename': 'Cijk_Ailk_Bjlk_S_B_UserArgs_MT64x64x16_SN_LDSB0_8igNnFoR1tClzsTUVB6dIrMPyUX9_rT2I8SfzED89yI=',
      'err': 0,
    }),
  ])
# ---
