# serializer version: 1
# name: test_streamk_cluster_multicast_gfx1250_golden[pgr1_cs2_ck2]
  list([
    dict({
      'basename': 'Cijk_Alik_Bljk_F8SS_MXAE8B32_MXBE8B32_BH_UserArg5jsnStBk5mDrdFxWc-wdoP1PJr4jXG3wabG1iAi1H4Q=',
      'err': 0,
    }),
    dict({
      'basename': 'Cijk_Alik_Bljk_F8SS_MXAE8B32_MXBE8B32_BH_UserArg9gjgV9hsSndadJjhuMT7as1DTv6SwnrqLiCclIme5ls=',
      'err': 0,
    }),
    dict({
      'basename': 'Cijk_Alik_Bljk_F8SS_MXAE8B32_MXBE8B32_BH_UserArgB_rKUEOGTAXS6Zuu59JqBp-HJwL9j2MqiovnkI8OE28=',
      'err': 0,
    }),
    dict({
      'basename': 'Cijk_Alik_Bljk_F8SS_MXAE8B32_MXBE8B32_BH_UserArgIEhOJNkP7_Vk84oQKwf_0Q0P5WloFcxaaItngYRl8HY=',
      'err': 0,
    }),
    dict({
      'basename': 'Cijk_Alik_Bljk_F8SS_MXAE8B32_MXBE8B32_BH_UserArgTHJzvzP0uCnEdasjFwMrj6gKqWmTtkOd3P1FLLc8ChQ=',
      'err': 0,
    }),
    dict({
      'basename': 'Cijk_Alik_Bljk_F8SS_MXAE8B32_MXBE8B32_BH_UserArgaLxF2UAjzelMh40A0tG4hW-W2gRuQN9s-rIk4CYuig0=',
      'err': 0,
    }),
    dict({
      'basename': 'Cijk_Alik_Bljk_F8SS_MXAE8B32_MXBE8B32_BH_UserArgnpeJWEWXMDPXZSJEyfY8Yr4r4Ym_97Q7zIcos1c6gwo=',
      'err': 0,
    }),
    dict({
      'basename': 'Cijk_Alik_Bljk_F8SS_MXAE8B32_MXBE8B32_BH_UserArgodt8t83TM-N12cDOnoKg__albvlwU9LY1JgKr8Mlp_o=',
      'err': 0,
    }),
  ])
# ---
# name: test_streamk_cluster_multicast_gfx1250_golden[pgr1_cs4_ck1]
  list([
    dict({
      'basename': 'Cijk_Alik_Bljk_F8SS_MXAE8B32_MXBE8B32_BH_UserArg7FOdSkrEAe0xpAI4r4dFGhWoVIIdktrbmcCN8Dbwcc8=',
      'err': 0,
    }),
    dict({
      'basename': 'Cijk_Alik_Bljk_F8SS_MXAE8B32_MXBE8B32_BH_UserArgHT22nsZAWkAxL6azmQEOJ_GUkBeWurAev_vwrluTBLQ=',
      'err': 0,
    }),
    dict({
      'basename': 'Cijk_Alik_Bljk_F8SS_MXAE8B32_MXBE8B32_BH_UserArgL4W_yBY6jyTQxjkDMj-qNvV-0opjiHHCbkah8KwCs7s=',
      'err': 0,
    }),
    dict({
      'basename': 'Cijk_Alik_Bljk_F8SS_MXAE8B32_MXBE8B32_BH_UserArgLgwKXBVCRvRXB5RN9ISkynm8bYcurB0p3gE8kI1dkE4=',
      'err': 0,
    }),
    dict({
      'basename': 'Cijk_Alik_Bljk_F8SS_MXAE8B32_MXBE8B32_BH_UserArgUxlusQzSNiB_QUiHLNLLgF8CF1liXpPu1xGVQigzp50=',
      'err': 0,
    }),
    dict({
      'basename': 'Cijk_Alik_Bljk_F8SS_MXAE8B32_MXBE8B32_BH_UserArgYPnMjn8WTWA_Oo4GDTlywtTbd1lGy2xsuJYAuu2IZWw=',
      'err': 0,
    }),
    dict({
      'basename': 'Cijk_Alik_Bljk_F8SS_MXAE8B32_MXBE8B32_BH_UserArg_axr_wF9qcNCkXRHjWethcUq18jXigESmgfl1jXI26U=',
      'err': 0,
    }),
    dict({
      'basename': 'Cijk_Alik_Bljk_F8SS_MXAE8B32_MXBE8B32_BH_UserArgkVP3jqcsmTuvqiAaPpYmnT9F8yRESQ5si6VCMGf9jR4=',
      'err': 0,
    }),
  ])
# ---
# name: test_streamk_cluster_multicast_gfx1250_golden[pgr2_cs2_ck2]
  list([
    dict({
      'basename': 'Cijk_Alik_Bljk_F8SS_MXAE8B32_MXBE8B32_BH_UserArg5N8ZqbnwzUt-4GDI-oxs5UmqLzHe6HSFSlTShem8_SE=',
      'err': 0,
    }),
    dict({
      'basename': 'Cijk_Alik_Bljk_F8SS_MXAE8B32_MXBE8B32_BH_UserArg6AaPSexOhERiASBqm1R1RWMEMAaebVQwhxIrxc7h918=',
      'err': 0,
    }),
    dict({
      'basename': 'Cijk_Alik_Bljk_F8SS_MXAE8B32_MXBE8B32_BH_UserArgFhDpgOA40F3oTAhrrTh3CalXjw0_GGF8k56a5TQNqq4=',
      'err': 0,
    }),
    dict({
      'basename': 'Cijk_Alik_Bljk_F8SS_MXAE8B32_MXBE8B32_BH_UserArgH3BBe03pHC0tXautZTyXYlqWalVlfJxlLmaS8r9IzRI=',
      'err': 0,
    }),
    dict({
      'basename': 'Cijk_Alik_Bljk_F8SS_MXAE8B32_MXBE8B32_BH_UserArgLwXm_Ol7CLqvhUBISj6DNLfmY90pQtGeBPxlanLRrWU=',
      'err': 0,
    }),
    dict({
      'basename': 'Cijk_Alik_Bljk_F8SS_MXAE8B32_MXBE8B32_BH_UserArgW_K9FMjpgO7YBNPE_3mGc3QTJVQvjJWXmIGvAZREMKo=',
      'err': 0,
    }),
    dict({
      'basename': 'Cijk_Alik_Bljk_F8SS_MXAE8B32_MXBE8B32_BH_UserArgp25tUTG4Mb2s-i9zC1LhVO5OUQx1BzAtNGynkowUr48=',
      'err': 0,
    }),
    dict({
      'basename': 'Cijk_Alik_Bljk_F8SS_MXAE8B32_MXBE8B32_BH_UserArguUYynrZQUDgsy5KQwKyP2VqK0ksczV1IclPPhqmqDBQ=',
      'err': 0,
    }),
  ])
# ---
# name: test_streamk_cluster_multicast_gfx1250_golden[pgr2_cs4_ck1]
  list([
    dict({
      'basename': 'Cijk_Alik_Bljk_F8SS_MXAE8B32_MXBE8B32_BH_UserArg3-hDw9ZkeflY_B8C3TYo7lQL1SNi63TAhqsfLvLkOJk=',
      'err': 0,
    }),
    dict({
      'basename': 'Cijk_Alik_Bljk_F8SS_MXAE8B32_MXBE8B32_BH_UserArgFhtrlQbgj2FkFkP6HnoNq6eal7qNe66_bB2saXIBob0=',
      'err': 0,
    }),
    dict({
      'basename': 'Cijk_Alik_Bljk_F8SS_MXAE8B32_MXBE8B32_BH_UserArgMo3wr5V0tQSUTRX-M5NLKgo5n9vLW6Ov5XjDouNE3BU=',
      'err': 0,
    }),
    dict({
      'basename': 'Cijk_Alik_Bljk_F8SS_MXAE8B32_MXBE8B32_BH_UserArgWUPoRPPVJtBObNcUqdQcOfcO7HLEkyBuU5FOsqrFtIE=',
      'err': 0,
    }),
    dict({
      'basename': 'Cijk_Alik_Bljk_F8SS_MXAE8B32_MXBE8B32_BH_UserArg_FkRXm_Y5SbwkwbKL_8CnsWMoqcv1JhEDDl892UpE1I=',
      'err': 0,
    }),
    dict({
      'basename': 'Cijk_Alik_Bljk_F8SS_MXAE8B32_MXBE8B32_BH_UserArggFKAU1D9Qf-6DPzGzQA7TgiLT_pprtt3it1WQZCgzhQ=',
      'err': 0,
    }),
    dict({
      'basename': 'Cijk_Alik_Bljk_F8SS_MXAE8B32_MXBE8B32_BH_UserArggQtuuf3-krRBnMi4jlHJ3YqVkxuaTXxqxGA2KLJe4go=',
      'err': 0,
    }),
    dict({
      'basename': 'Cijk_Alik_Bljk_F8SS_MXAE8B32_MXBE8B32_BH_UserArgt56cv_nKDqL9zysZ-MFpkpzPEboAwp6A7Ek3fjvh0EI=',
      'err': 0,
    }),
  ])
# ---
