# serializer version: 1
# name: test_gfx908_emit_digests
  list([
    dict({
      'file': 'BBS.yaml',
      'kernels': list([
        dict({
          'basename': 'Cijk_Ailk_Bljk_BBS_BH_Bias_HA_S_SAV_MT64x16x32_MeqQhI1t7a8Ne7cszxbwZaIzU1qnzhu0L5W2zjM2axdg=',
          'err': 0,
        }),
      ]),
    }),
    dict({
      'file': 'HHS.yaml',
      'kernels': list([
        dict({
          'basename': 'Cijk_Ailk_Bljk_HHS_BH_Bias_HA_S_SAV_UserArgs_MT6b3aHjf9aTJsKkJC_clV7oFNP_zuO1ncRsrkWYsfpoOE=',
          'err': 0,
        }),
      ]),
    }),
    dict({
      'file': 'HSS.yaml',
      'kernels': list([
        dict({
          'basename': 'Cijk_Ailk_Bjlk_HSS_BH_Bias_GG_HA_S_SAV_UserArgs_pWrB51StpSSagLH0bCF03sUpkT37GVYQzsgQ3NWVQl8=',
          'err': 0,
        }),
      ]),
    }),
    dict({
      'file': 'SB.yaml',
      'kernels': list([
        dict({
          'basename': 'Cijk_Alik_Bjlk_S_B_Bias_HA_S_SAV_UserArgs_MT32x3_VlxQ4IkYnt2Mi9rQMyykJUzha2XHvX9CMxQ1vSkAbE=',
          'err': 0,
        }),
      ]),
    }),
  ])
# ---
