# serializer version: 1
# name: test_gfx942_f8n_golden
  list([
    dict({
      'basename': 'Cijk_Ailk_Bljk_F8NHS_BH_Bias_S_HA_S_SAB_SCD_SAV_34tXA6KznPwXXw7muF-vj3P94GZmgYv7PE1-KLSwfrk=',
      'err': 0,
    }),
    dict({
      'basename': 'Cijk_Ailk_Bljk_F8NHS_BH_Bias_S_HA_S_SAB_SCD_SAV_F_q8C35Q9SU1xl4-FzyW0RHmEnPWdf-weZiYZ1LoHGQ=',
      'err': 0,
    }),
    dict({
      'basename': 'Cijk_Ailk_Bljk_F8NHS_BH_Bias_S_HA_S_SAB_SCD_SAV_JhGap9C5SOsG2M3_0tNwaB4tN9HyCd-XNTtU5DHcTCM=',
      'err': 0,
    }),
    dict({
      'basename': 'Cijk_Ailk_Bljk_F8NHS_BH_Bias_S_HA_S_SAB_SCD_SAV_N9pJFO8IBLdqW4a1qKmOXbJTOaP8KKg5k1lMbJ7U-Hs=',
      'err': 0,
    }),
    dict({
      'basename': 'Cijk_Ailk_Bljk_F8NHS_BH_Bias_S_HA_S_SAB_SCD_SAV_UJMqbZj7Z2TCecZVuJVfRHOmWuXkj6T-l9dRaX6hnfc=',
      'err': 0,
    }),
    dict({
      'basename': 'Cijk_Ailk_Bljk_F8NHS_BH_Bias_S_HA_S_SAB_SCD_SAV_dQq6usDJvHQsvJ6RIn7xBpyZrja2QFQRup0VKLFQoWc=',
      'err': 0,
    }),
    dict({
      'basename': 'Cijk_Ailk_Bljk_F8NHS_BH_Bias_S_HA_S_SAB_SCD_SAV_lOBPU_vpPOmIrunu1AarHePOek-k29RgPfVjDtx03yE=',
      'err': 0,
    }),
    dict({
      'basename': 'Cijk_Ailk_Bljk_F8NHS_BH_Bias_S_HA_S_SAB_SCD_SAV_zUBztCZPYSdNuFi64fRfGghlaARNV22Frbg0Ynhuivg=',
      'err': 0,
    }),
  ])
# ---
