# serializer version: 1
# name: test_r2_lra_gfx942_golden
  list([
    dict({
      'basename': 'Cijk_Alik_Bjlk_HHS_BH_UserArgs_MT16x8x64_SN_LDSB7pXAmTWJ6qpWNe_Ku3dVReVSp51BIZ8Ib13Th5VPHsU=',
      'err': 0,
    }),
    dict({
      'basename': 'Cijk_Alik_Bjlk_HHS_BH_UserArgs_MT64x4x64_SN_LDSBbZoTCxX1mqgwvouy3MSYNPtJSeBnkcHV0r-vchEDlbg=',
      'err': 0,
    }),
  ])
# ---
