# serializer version: 1
# name: test_r2_subtile_gfx950_golden
  list([
    dict({
      'basename': 'Cijk_Alik_Bljk_BBS_BH_UserArgs_MT128x128x64_MI16G1aPmzKkGPZtef_mq80yd828UIvNa9b9FYML7XHG4jU=',
      'err': 0,
    }),
    dict({
      'basename': 'Cijk_Alik_Bljk_BBS_BH_UserArgs_MT128x128x64_MI16Z8BaWLeWPR3X7qRoaMegUpMir0-xI0ZV1tEq18So1xQ=',
      'err': 0,
    }),
    dict({
      'basename': 'Cijk_Alik_Bljk_BBS_BH_UserArgs_MT128x64x64_MI16x5p7U4kv9NJvSK_ACNhppi22pF1ad-h0C-XBml_AQN4E=',
      'err': 0,
    }),
    dict({
      'basename': 'Cijk_Alik_Bljk_BBS_BH_UserArgs_MT128x64x64_MI16xI1oZxgJGKaDF2vBNvyw_UY3X2XQvxg58xv-Bb9qvyzM=',
      'err': 0,
    }),
    dict({
      'basename': 'Cijk_Alik_Bljk_BBS_BH_UserArgs_MT32x32x64_MI16x13N-LS5zpC1HauERr03W4ZJXGl3oVuvL6IrdEm7xssUw=',
      'err': 0,
    }),
    dict({
      'basename': 'Cijk_Alik_Bljk_BBS_BH_UserArgs_MT32x32x64_MI16x1cms3bm1f4MjYhpB6WIswU7OMY4q7rJsaQD-tZaeLwZY=',
      'err': 0,
    }),
    dict({
      'basename': 'Cijk_Alik_Bljk_BBS_BH_UserArgs_MT64x128x64_MI16x5mUiHchez_9mUYoS71S8Gkcsja9ub1zcEMlGeVe9ycA=',
      'err': 0,
    }),
    dict({
      'basename': 'Cijk_Alik_Bljk_BBS_BH_UserArgs_MT64x128x64_MI16xYNRyAFVEm2LKxq8g-DqM7b-d4n54oSTAnXd5BqGzXZ8=',
      'err': 0,
    }),
  ])
# ---
