# serializer version: 1
# name: test_gfx1100_emit_digests
  list([
    dict({
      'file': 'DB.yaml',
      'kernels': list([
        dict({
          'basename': 'Cijk_Ailk_Bjlk_D_B_UserArgs_MT16x16x16_SN_LDSB0_a9GMr-jWHEYFJToEMlnxKENqYUFtjJ20W25IqDMtBJs=',
          'err': 0,
        }),
        dict({
          'basename': 'Cijk_Ailk_Bjlk_D_B_UserArgs_MT16x16x8_SN_LDSB0_AU0JHvPqf6iKdCnrD5xG_kGRHeassZo6DkYO-0o-x8_w=',
          'err': 0,
        }),
        dict({
          'basename': 'Cijk_Ailk_Bjlk_D_B_UserArgs_MT8x8x16_SN_LDSB0_AFCdZZYIllmGefEGFO03uBDFhvHwnHn_5MJlFsWbZ3sXY=',
          'err': 0,
        }),
        dict({
          'basename': 'Cijk_Ailk_Bjlk_D_B_UserArgs_MT8x8x8_SN_LDSB0_AFCUxTaPMxG2vwcq6_PY9TXD_BH3S-t6McFqne1qEcdVLM=',
          'err': 0,
        }),
      ]),
    }),
    dict({
      'file': 'HSS.yaml',
      'kernels': list([
        dict({
          'basename': 'Cijk_Alik_Bljk_HSS_BH_Bias_HA_S_SAV_UserArgs_MT3YDCm0ZuVS8JUjahRplIjn4HlIg9oJy4EVejA4uw8B7Y=',
          'err': 0,
        }),
        dict({
          'basename': 'Cijk_Alik_Bljk_HSS_BH_Bias_HA_S_SAV_UserArgs_MT9kCTfaXBUKkI39-O0BTxHu3aqaTHlLy9NTsiibvtwj30=',
          'err': 0,
        }),
        dict({
          'basename': 'Cijk_Alik_Bljk_HSS_BH_Bias_HA_S_SAV_UserArgs_MT9pUZcmYYoZX6Dr9lncMVIGM645K2KGGzNSpMWsd-GNv0=',
          'err': 0,
        }),
      ]),
    }),
    dict({
      'file': 'SB.yaml',
      'kernels': list([
        dict({
          'basename': 'Cijk_Ailk_Bjlk_S_B_Bias_HA_S_SAV_UserArgs_MT16x1XPkmdDnFSzPtWEbDA1EOjxjvZEEQ1rIrUKyWKcceWhU=',
          'err': 0,
        }),
        dict({
          'basename': 'Cijk_Ailk_Bjlk_S_B_Bias_HA_S_SAV_UserArgs_MT16x1iArdrgthl-ERGB_Vn4EUdOfaMmXUM4jj-eD-ryfwMdA=',
          'err': 0,
        }),
        dict({
          'basename': 'Cijk_Ailk_Bjlk_S_B_Bias_HA_S_SAV_UserArgs_MT8x8x7eoai-6v21ZjsmNKd4lv6Rhf2vLSoMNhpLXnGCCbvmA=',
          'err': 0,
        }),
        dict({
          'basename': 'Cijk_Ailk_Bjlk_S_B_Bias_HA_S_SAV_UserArgs_MT8x8xdistSHHZpo5OrYOeEw4o9Z3MN-iF2lmSvs5SREwYbf0=',
          'err': 0,
        }),
      ]),
    }),
  ])
# ---
