# serializer version: 1
# name: test_gfx908_emit_digests
  list([
    dict({
      'file': 'BBS.yaml',
      'kernels': list([
        dict({
          'basename': 'Cijk_Ailk_Bljk_BBS_BH_Bias_HA_S_SAV_MT64x16x32_M4lbK0Udf7qQC5R1BOgpo_mknvlssdpJpHZQdJuu1wMA=',
          'err': 0,
        }),
      ]),
    }),
    dict({
      'file': 'HHS.yaml',
      'kernels': list([
        dict({
          'basename': 'Cijk_Ailk_Bljk_HHS_BH_Bias_HA_S_SAV_UserArgs_MT6RfoENO-h75jlwcU38Foh6osHIv7JtbZrYexXafp_g3M=',
          'err': 0,
        }),
      ]),
    }),
    dict({
      'file': 'HSS.yaml',
      'kernels': list([
        dict({
          'basename': 'Cijk_Ailk_Bjlk_HSS_BH_Bias_GG_HA_S_SAV_UserArgs_CC405Gb6Fz4aDojJotNNBD_7IZlxqukQ8vlwN7mm7eQ=',
          'err': 0,
        }),
      ]),
    }),
    dict({
      'file': 'SB.yaml',
      'kernels': list([
        dict({
          'basename': 'Cijk_Alik_Bjlk_S_B_Bias_HA_S_SAV_UserArgs_MT32x3G-AVUIGLG8pF4vAz_aizbqaTdsDKhpkV6WN4KpD22Vo=',
          'err': 0,
        }),
      ]),
    }),
  ])
# ---
