# serializer version: 1
# name: test_r2_streamk_gfx942_golden
  list([
    dict({
      'basename': 'Cijk_Ailk_Bjlk_S_B_UserArgs_MT128x128x16_MI16x16Ahs05UVvuCMElrMB3c0GtaDfok79IgnnTbvgQRBXo6w=',
      'err': 0,
    }),
    dict({
      'basename': 'Cijk_Ailk_Bjlk_S_B_UserArgs_MT128x128x16_MI16x16X49IwSjLPYhqOVaO2UWpIQ6wffNEFuu0uezuzPIdIh0=',
      'err': 0,
    }),
    dict({
      'basename': 'Cijk_Ailk_Bjlk_S_B_UserArgs_MT128x128x16_MI16x16X49IwSjLPYhqOVaO2UWpIQ6wffNEFuu0uezuzPIdIh0=',
      'err': 0,
    }),
    dict({
      'basename': 'Cijk_Ailk_Bjlk_S_B_UserArgs_MT128x128x16_MI16x16jcvkeYuDz690geR728r9fxfibKHuzONZ95QpBPsvyZI=',
      'err': 0,
    }),
  ])
# ---
