# serializer version: 1
# name: test_r2_streamk_gfx942_golden
  list([
    dict({
      'basename': 'Cijk_Ailk_Bjlk_S_B_UserArgs_MT128x128x16_MI16x16-6jsXjTetqFlyaYdZwU9Gl_yAE6ALVglLT2EnZ-DMZQ=',
      'err': 0,
    }),
    dict({
      'basename': 'Cijk_Ailk_Bjlk_S_B_UserArgs_MT128x128x16_MI16x16dfmch-ngiVyi-zKNMd84Mi_HZ_WNZcn_XsSrOKziqE0=',
      'err': 0,
    }),
    dict({
      'basename': 'Cijk_Ailk_Bjlk_S_B_UserArgs_MT128x128x16_MI16x16dfmch-ngiVyi-zKNMd84Mi_HZ_WNZcn_XsSrOKziqE0=',
      'err': 0,
    }),
    dict({
      'basename': 'Cijk_Ailk_Bjlk_S_B_UserArgs_MT128x128x16_MI16x16uqqxZt8zJtEk7hzWwXaZjqXUjzNNuOIVcBOu4nlUVVM=',
      'err': 0,
    }),
  ])
# ---
