# serializer version: 1
# name: test_r4_shiftvector2_golden
  list([
    dict({
      'basename': 'Cijk_Ailk_Bjlk_S_B_UserArgs_MT128x64x16_SN_LDSB0xmPFh9pScuLNFgFA33gPIKe9R9otYpGphDkw2KrIchk=',
      'err': 0,
    }),
    dict({
      'basename': 'Cijk_Ailk_Bjlk_S_B_UserArgs_MT64x128x16_SN_LDSB0qpZwnkk8-E76Q0M7Ot265gRtoJEhgoZhO7DLA02x36I=',
      'err': 0,
    }),
    dict({
      'basename': 'Cijk_Ailk_Bjlk_S_B_UserArgs_MT64x64x16_SN_LDSB0_pt93GFr80mbbln6VQJn9nbFXB8TVHnOH4CV-FbWu82c=',
      'err': 0,
    }),
  ])
# ---
