# serializer version: 1
# name: test_s06_loopbody_dtv_pack_bufferidx_off_golden
  list([
    dict({
      'basename': 'Cijk_Ailk_Bjlk_S_MX_B_UserArgs_MT128x128x32_MI16URE8b2CwqwGbcKexBrcypnSx-bxYhbVEa0q0BxYa7xw=',
      'err': 0,
    }),
    dict({
      'basename': 'Cijk_Ailk_Bjlk_S_MX_B_UserArgs_MT192x192x32_MI16ny2y6jJFGMfF1RQ_prpKuaJ4kLUYZrXnh3pk65vqq2Y=',
      'err': 0,
    }),
  ])
# ---
