# serializer version: 1
# name: test_gfx942_dominant_golden
  list([
    dict({
      'basename': 'Cijk_Alik_Bljk_BBS_BH_Bias_A_S_UserArgs_MT128x326_SSnoedDp-RQ6aCy1A1Yak96wMQDGxFS8DCJ4eLEtM=',
      'err': 0,
    }),
    dict({
      'basename': 'Cijk_Alik_Bljk_BBS_BH_Bias_A_S_UserArgs_MT128x32yyzSF-sZPyo8OMPewvz3KPTUqezVSQdxysN5cXgk4JA=',
      'err': 0,
    }),
    dict({
      'basename': 'Cijk_Alik_Bljk_BBS_BH_Bias_A_S_UserArgs_MT64x16x7sJfXBEzMKMxsgDjaEcyyt5JRhpJFN4ezlhL_ohILoc=',
      'err': 0,
    }),
    dict({
      'basename': 'Cijk_Alik_Bljk_BBS_BH_Bias_A_S_UserArgs_MT64x16x8JdmWkeh3hGxvLyl8oH8J8qesoCPpSGW-tvPsdujJV4=',
      'err': 0,
    }),
  ])
# ---
