# serializer version: 1
# name: test_r3_subtile_lr_fp8_gfx950_golden
  list([
    dict({
      'basename': 'Cijk_Alik_Bljk_F8SS_BH_UserArgs_MT128x128x256_MI0HhYvyLuJ4bAk90vTTNiwqMiJXvSBGQA49Qt5NwVnTA=',
      'err': 0,
    }),
    dict({
      'basename': 'Cijk_Alik_Bljk_F8SS_BH_UserArgs_MT64x64x256_MI16snQ_V0ylbzS5GtiGtE5wRgCGC_YLc3Qhko4ARMOeYkY=',
      'err': 0,
    }),
  ])
# ---
