# serializer version: 1
# name: test_gfx1100_emit_digests
  list([
    dict({
      'file': 'DB.yaml',
      'kernels': list([
        dict({
          'basename': 'Cijk_Ailk_Bjlk_D_B_UserArgs_MT16x16x16_SN_LDSB0_GdVuVez0QIoj1LO3rX2o34BjZu3TwCTCZVZX8MkiJko=',
          'err': 0,
        }),
        dict({
          'basename': 'Cijk_Ailk_Bjlk_D_B_UserArgs_MT16x16x8_SN_LDSB0_AY_VIaVmYt3g_r1yWK_4biUFKQ9jq16U1wraKPWEeXLI=',
          'err': 0,
        }),
        dict({
          'basename': 'Cijk_Ailk_Bjlk_D_B_UserArgs_MT8x8x16_SN_LDSB0_AFRNhwV8z8Y7KPoieHQjQvqs0qr8ugCoGTZuskNNE9w4k=',
          'err': 0,
        }),
        dict({
          'basename': 'Cijk_Ailk_Bjlk_D_B_UserArgs_MT8x8x8_SN_LDSB0_AFC_w5ay47B9masYgju_fzq4U0eEBML2HPNnKbaAfeuE-g=',
          'err': 0,
        }),
      ]),
    }),
    dict({
      'file': 'HSS.yaml',
      'kernels': list([
        dict({
          'basename': 'Cijk_Alik_Bljk_HSS_BH_Bias_HA_S_SAV_UserArgs_MT3wjJQffj_kqINhdj3kd7INrXHfdIuKnWJo8_DE8aXcU4=',
          'err': 0,
        }),
        dict({
          'basename': 'Cijk_Alik_Bljk_HSS_BH_Bias_HA_S_SAV_UserArgs_MT9YiNRDrnN1QWZqH-Lgx-Q7KJIz3wbwEKg7481kZRXJG8=',
          'err': 0,
        }),
        dict({
          'basename': 'Cijk_Alik_Bljk_HSS_BH_Bias_HA_S_SAV_UserArgs_MT9osL3gvEtCzo-x2b1hz6YOji_jedoKey4dzUn6_HuDN0=',
          'err': 0,
        }),
      ]),
    }),
    dict({
      'file': 'SB.yaml',
      'kernels': list([
        dict({
          'basename': 'Cijk_Ailk_Bjlk_S_B_Bias_HA_S_SAV_UserArgs_MT16x1X4R6g--ToHUWOP-_QoXkISJmtZZdML-d4ecmjjpGY4c=',
          'err': 0,
        }),
        dict({
          'basename': 'Cijk_Ailk_Bjlk_S_B_Bias_HA_S_SAV_UserArgs_MT16x1bO-D6atkJTwCMzdmyA2RgXCq_1KDQpmVs9_uMHxSyhk=',
          'err': 0,
        }),
        dict({
          'basename': 'Cijk_Ailk_Bjlk_S_B_Bias_HA_S_SAV_UserArgs_MT8x8xP7z3MUBMqgUIUt3WW6syTuNyx0shCU_8EofBqHPuQSw=',
          'err': 0,
        }),
        dict({
          'basename': 'Cijk_Ailk_Bjlk_S_B_Bias_HA_S_SAV_UserArgs_MT8x8xf9krOE9txKFvYNIdvwLRkCV2eGbwOZ5MMg23iTZGQjc=',
          'err': 0,
        }),
      ]),
    }),
  ])
# ---
