# serializer version: 1
# name: test_gfx942_f8n_golden
  list([
    dict({
      'basename': 'Cijk_Ailk_Bljk_F8NHS_BH_Bias_S_HA_S_SAB_SCD_SAV_1YNci2zPD4L6nCe4NJhQoz4o3yDxQfvFAf5htgh9eE0=',
      'err': 0,
    }),
    dict({
      'basename': 'Cijk_Ailk_Bljk_F8NHS_BH_Bias_S_HA_S_SAB_SCD_SAV_6a7JPuoAQwKoOfSwWcT5gMlhCUtZ9OS_oOw-L8ExIzI=',
      'err': 0,
    }),
    dict({
      'basename': 'Cijk_Ailk_Bljk_F8NHS_BH_Bias_S_HA_S_SAB_SCD_SAV_7h_r4Ui_RuFBjSnvAWyELQELeheD5h8j4VyD9wR2WX0=',
      'err': 0,
    }),
    dict({
      'basename': 'Cijk_Ailk_Bljk_F8NHS_BH_Bias_S_HA_S_SAB_SCD_SAV_BH3wydvK7j8HNBysWbJnxuQVfeciIN2U1iR74qjQ2Eg=',
      'err': 0,
    }),
    dict({
      'basename': 'Cijk_Ailk_Bljk_F8NHS_BH_Bias_S_HA_S_SAB_SCD_SAV_J8gqcouw-9623Y97VNZS-m6AqjnbL1SuVCyXAtBOh0A=',
      'err': 0,
    }),
    dict({
      'basename': 'Cijk_Ailk_Bljk_F8NHS_BH_Bias_S_HA_S_SAB_SCD_SAV_SAq9XHT34Qyc_yn2hlMcY_6LTD1w0RexfyroKgGez68=',
      'err': 0,
    }),
    dict({
      'basename': 'Cijk_Ailk_Bljk_F8NHS_BH_Bias_S_HA_S_SAB_SCD_SAV_StDHxQUM2kmb_XmzBihFUxkwp4pg0My2Y9u7mF2iyFg=',
      'err': 0,
    }),
    dict({
      'basename': 'Cijk_Ailk_Bljk_F8NHS_BH_Bias_S_HA_S_SAB_SCD_SAV_y9yYSmoVNeb2OfHByEYjkkmJn5AZJDUUTIaD2gDcH0o=',
      'err': 0,
    }),
  ])
# ---
