# serializer version: 1
# name: test_r2_wgm_gfx942_golden
  list([
    dict({
      'basename': 'Cijk_Alik_Bljk_BBS_BH_Bias_A_S_UserArgs_MT64x16x02X4CdJbCf7iqSaN0CX3xLS-dFOPS02cTmPW0EhwK7M=',
      'err': 0,
    }),
    dict({
      'basename': 'Cijk_Alik_Bljk_BBS_BH_Bias_A_S_UserArgs_MT64x16xeWgykugtcRs3euYFC3L6HZ_gX_Eu-EXwK0e_c_t75SI=',
      'err': 0,
    }),
    dict({
      'basename': 'Cijk_Alik_Bljk_BBS_BH_Bias_A_S_UserArgs_MT64x16xgrheBy2_HzPq0qvEQdg992e4P9E8gkIXfyPFhh8g0oI=',
      'err': 0,
    }),
    dict({
      'basename': 'Cijk_Alik_Bljk_BBS_BH_Bias_A_S_UserArgs_MT64x16xl0BynB80Fz_NiIpggnPoCINR3kJRETvRjsQtzJI8ryI=',
      'err': 0,
    }),
    dict({
      'basename': 'Cijk_Alik_Bljk_BBS_BH_Bias_A_S_UserArgs_MT64x16xnOHFER0E2aKu8YWchm8l-SFdUidbOC5NrQ7KjOks5cY=',
      'err': 0,
    }),
  ])
# ---
