# serializer version: 1
# name: test_r2_subtile_gfx950_golden
  list([
    dict({
      'basename': 'Cijk_Alik_Bljk_BBS_BH_UserArgs_MT128x128x64_MI16HstxTOV9mnNQSSTNgtzIuDVVnh8uqhx7rzxBO7ot6ww=',
      'err': 0,
    }),
    dict({
      'basename': 'Cijk_Alik_Bljk_BBS_BH_UserArgs_MT128x128x64_MI16RDSnOB4i2Cv_sBtaS_DbhiIJABtlPXsfvB-25ThCztU=',
      'err': 0,
    }),
    dict({
      'basename': 'Cijk_Alik_Bljk_BBS_BH_UserArgs_MT128x64x64_MI16x8PJl-exgMdTJjTsVeSA2B0TXgLRh6Dw2N66zk_ooL8g=',
      'err': 0,
    }),
    dict({
      'basename': 'Cijk_Alik_Bljk_BBS_BH_UserArgs_MT128x64x64_MI16xCxxkJS_a1vyb_4N7HSHpaCzTdU0hDz1uAgOXRUKKupU=',
      'err': 0,
    }),
    dict({
      'basename': 'Cijk_Alik_Bljk_BBS_BH_UserArgs_MT32x32x64_MI16x1FVIvrDBD1ayt3vYRBwpgP8DrAlctXTmz7J2vsNZSBAI=',
      'err': 0,
    }),
    dict({
      'basename': 'Cijk_Alik_Bljk_BBS_BH_UserArgs_MT32x32x64_MI16x1XYOx3tkK463v-aHAxSfO7izq_I-VaNkTcm7p990-4dw=',
      'err': 0,
    }),
    dict({
      'basename': 'Cijk_Alik_Bljk_BBS_BH_UserArgs_MT64x128x64_MI16xTnBIS9TlbHAOLcg5YkOWmwc3sZdMq8WdOVbcZjCzoEw=',
      'err': 0,
    }),
    dict({
      'basename': 'Cijk_Alik_Bljk_BBS_BH_UserArgs_MT64x128x64_MI16xZ3oL5txbuVKbLfuuiNY9sOJO446uanAt0srt4wp0iMk=',
      'err': 0,
    }),
  ])
# ---
