# serializer version: 1
# name: test_r3_globalwrite_gfx942_golden
  list([
    dict({
      'basename': 'Cijk_Alik_Bljk_F8NBS_BH_SABV_SAV_UserArgs_MT64x6-GVZGujZm0YReIRT6k-O1GyeqMqCgL_xiFmLhlw3fV0=',
      'err': 0,
    }),
    dict({
      'basename': 'Cijk_Alik_Bljk_F8NBS_BH_SABV_SAV_UserArgs_MT64x6DhEwJVrFDVDbXi6sld6TeD28H69XFYsC45fxX2-_ATc=',
      'err': 0,
    }),
  ])
# ---
