# serializer version: 1
# name: test_r3_addrstore_gfx942_golden
  list([
    dict({
      'basename': 'Cijk_Alik_Bljk_F8NSS_BH_SABV_SAV_UserArgs_MT128xyHrTdtStwZY29h8JjHhe5XDpSC1vQ4ZNA-MdfpWNy-0=',
      'err': 0,
    }),
    dict({
      'basename': 'Cijk_Alik_Bljk_F8NSS_BH_SABV_SAV_UserArgs_MT256xzXbI-xkaBREeqaqSNSYUsCrCySoyjzBy_UDzEuefN7s=',
      'err': 0,
    }),
  ])
# ---
