# serializer version: 1
# name: test_gfx942_f8n_golden
  list([
    dict({
      'basename': 'Cijk_Ailk_Bljk_F8NHS_BH_Bias_S_HA_S_SAB_SCD_SAV_DAnNJ7_2EdLh4Vwo3oqKk41sAczt6FrbrdlZJM-VW-o=',
      'err': 0,
    }),
    dict({
      'basename': 'Cijk_Ailk_Bljk_F8NHS_BH_Bias_S_HA_S_SAB_SCD_SAV_LCD-yiyionYT8m_bBciwWksvowcV23Na8D6rCqgPBhs=',
      'err': 0,
    }),
    dict({
      'basename': 'Cijk_Ailk_Bljk_F8NHS_BH_Bias_S_HA_S_SAB_SCD_SAV_P05aeZCe2sJX7xsZHvp7JpBEXeVRVD4mg4uuaidrJUY=',
      'err': 0,
    }),
    dict({
      'basename': 'Cijk_Ailk_Bljk_F8NHS_BH_Bias_S_HA_S_SAB_SCD_SAV_SQnW9LfKgX0Gg7GygaJLXUq9AouFn3AMGoGpEXxU7zw=',
      'err': 0,
    }),
    dict({
      'basename': 'Cijk_Ailk_Bljk_F8NHS_BH_Bias_S_HA_S_SAB_SCD_SAV_fQBJvy97fw33y7l-O247mB_YmSEKFqvpbMw-RBNlX2g=',
      'err': 0,
    }),
    dict({
      'basename': 'Cijk_Ailk_Bljk_F8NHS_BH_Bias_S_HA_S_SAB_SCD_SAV_icmDWoNP4itiuzYq3EqMU94D7kTniT5nEEkAdFNzB44=',
      'err': 0,
    }),
    dict({
      'basename': 'Cijk_Ailk_Bljk_F8NHS_BH_Bias_S_HA_S_SAB_SCD_SAV_vbjQFPzEzphhIC8s52rXbM12oWjlvTYPHQG8K1vZfSE=',
      'err': 0,
    }),
    dict({
      'basename': 'Cijk_Ailk_Bljk_F8NHS_BH_Bias_S_HA_S_SAB_SCD_SAV_xnvzAaC9DvSr1w6H-gHwVjkprpnyeG1I52MHO4lyCa0=',
      'err': 0,
    }),
  ])
# ---
