# serializer version: 1
# name: test_gfx90a_hhs_golden
  list([
    dict({
      'basename': 'Cijk_Alik_Bljk_HHS_BH_Bias_A_S_UserArgs_MT64x16xGw4sUzFB_W8_00nlgoAJgSe5RbDO2IwAjXGgvzqIsNg=',
      'err': 0,
    }),
    dict({
      'basename': 'Cijk_Alik_Bljk_HHS_BH_Bias_A_S_UserArgs_MT64x16xj6IuLf6lxbXCOatC9DEdqg9egVKSTPCB6VBdTpTEBmk=',
      'err': 0,
    }),
  ])
# ---
