# serializer version: 1
# name: test_r2_shiftvector_golden
  list([
    dict({
      'basename': 'Cijk_Ailk_Bjlk_S_B_UserArgs_MT128x64x16_SN_LDSB0Jtp8Dslda49g0gdGCo_ZuaecKA61kngcODmxom6YrFU=',
      'err': 0,
    }),
    dict({
      'basename': 'Cijk_Ailk_Bjlk_S_B_UserArgs_MT64x128x16_SN_LDSB0ShwBJswMiy4i2RjhbjRBHSz6rvvBiuXQRCfw7Cv8CjE=',
      'err': 0,
    }),
    dict({
      'basename': 'Cijk_Ailk_Bjlk_S_B_UserArgs_MT64x64x16_SN_LDSB0_oiJQr1soz5Z-EVFIaHmkV55nRd3W7RDxBis3p29POyU=',
      'err': 0,
    }),
  ])
# ---
