# serializer version: 1
# name: test_r2_store_gfx942_golden
  list([
    dict({
      'basename': 'Cijk_Alik_Bljk_BBS_BH_Bias_SAV_UserArgs_MT64x16xWax7oUImX_rC2ABq1-8Qiq78c32C5Lx6sOG_vVdaxFk=',
      'err': 0,
    }),
    dict({
      'basename': 'Cijk_Alik_Bljk_BBS_BH_Bias_SAV_UserArgs_MT64x16xt4xskWqat-1JqfSj7Uycyw3HD_BtBAinYKGw_aM1F90=',
      'err': 0,
    }),
    dict({
      'basename': 'Cijk_Alik_Bljk_BBS_BH_Bias_SAV_UserArgs_MT64x16xuNkl3_nNtaaN7WZn1RK1Y1po9kfXSxs0uQQOEBpThWQ=',
      'err': 0,
    }),
    dict({
      'basename': 'Cijk_Alik_Bljk_BBS_BH_Bias_SAV_UserArgs_MT64x16xymS87zz9UIgCA5_RJDN7KVJgNF-2yLVRBEKUbpfSgvM=',
      'err': 0,
    }),
  ])
# ---
