# serializer version: 1
# name: test_r2_wgm_gfx942_golden
  list([
    dict({
      'basename': 'Cijk_Alik_Bljk_BBS_BH_Bias_A_S_UserArgs_MT64x16x6Vrgb64Psjh22DdSbx5zRsQBwiwHdtv-mHAVMjIeFSw=',
      'err': 0,
    }),
    dict({
      'basename': 'Cijk_Alik_Bljk_BBS_BH_Bias_A_S_UserArgs_MT64x16xHOqcGlsTXNdUJldDRLjZxxi6R4oqb32Hflt0uZLG2hc=',
      'err': 0,
    }),
    dict({
      'basename': 'Cijk_Alik_Bljk_BBS_BH_Bias_A_S_UserArgs_MT64x16xTtrJPTUDpe0xXpsP-FTH_q2mudgSygskOBarb5f7NSg=',
      'err': 0,
    }),
    dict({
      'basename': 'Cijk_Alik_Bljk_BBS_BH_Bias_A_S_UserArgs_MT64x16xq0KkcJ0U6_Z5tsIt_HsqeCwIWtMfVNVKdEhPiHi6wUo=',
      'err': 0,
    }),
    dict({
      'basename': 'Cijk_Alik_Bljk_BBS_BH_Bias_A_S_UserArgs_MT64x16xqMuaNI0SHSQGP53Pr5wTwspY1o0Wybq67h3sIkl1quM=',
      'err': 0,
    }),
  ])
# ---
