# serializer version: 1
# name: test_r2_gsu_golden
  list([
    dict({
      'basename': 'Cijk_Alik_Bljk_BBS_BH_Bias_A_S_UserArgs_MT64x16x-wEv6D7wlNhwX7hzSVokLzvmPZ77BUss9NSqUpZkC6k=',
      'err': 0,
    }),
    dict({
      'basename': 'Cijk_Alik_Bljk_BBS_BH_Bias_A_S_UserArgs_MT64x16xWwSaElKeuxpS-Jt-lwWO5KWuM7Sa2BbFAVy9d8sv0PQ=',
      'err': 0,
    }),
  ])
# ---
