# serializer version: 1
# name: test_gfx950_dominant_golden
  list([
    dict({
      'basename': 'Cijk_Alik_Bljk_F8HS_BH_UserArgs_MT64x64x128_MI16OdCkbS27wbojo8-PoCYI-_B86qjgqXdxN4IygPvOuTQ=',
      'err': 0,
    }),
    dict({
      'basename': 'Cijk_Alik_Bljk_F8HS_BH_UserArgs_MT64x64x128_MI32RiiPn6wDTD5nHQcRAel2SWqZTjUq3Z57_A8lbqQZWwA=',
      'err': 0,
    }),
  ])
# ---
