# serializer version: 1
# name: test_gfx1201_emit_digests
  list([
    dict({
      'file': 'B8B8S.yaml',
      'kernels': list([
        dict({
          'basename': 'Cijk_Alik_Bljk_B8B8S_BH_Bias_HA_S_SAV_UserArgs_MwuUvZNstY_4dLxzlvaQSQpsTyKI6Rjx4CxnVPbPK8no=',
          'err': 0,
        }),
      ]),
    }),
    dict({
      'file': 'BBS.yaml',
      'kernels': list([
        dict({
          'basename': 'Cijk_Alik_Bljk_BBS_BH_Bias_SH_HA_S_SAV_UserArgs_hjS0k1kSuOsf3_L8xQ_3SuN5RrAd1jnRICC141ACPEw=',
          'err': 0,
        }),
      ]),
    }),
    dict({
      'file': 'HHS.yaml',
      'kernels': list([
        dict({
          'basename': 'Cijk_Alik_Bljk_HHS_BH_Bias_HA_S_SAV_UserArgs_MT1VgZdPFWT9DJTYP_GVOlrLA0khKIksQwSMhp6TqtrbNY=',
          'err': 0,
        }),
      ]),
    }),
    dict({
      'file': 'HSS.yaml',
      'kernels': list([
        dict({
          'basename': 'Cijk_Alik_Bljk_HSS_BH_Bias_HA_S_SAV_UserArgs_MT1VgZdPFWT9DJTYP_GVOlrLA0khKIksQwSMhp6TqtrbNY=',
          'err': 0,
        }),
      ]),
    }),
  ])
# ---
