# serializer version: 1
# name: test_r2_mac_hhs_dot2_golden
  list([
    dict({
      'basename': 'Cijk_Alik_Bljk_HHS_BH_UserArgs_MT16x32x16_SN_LDSzVlhgk1ErovdKsHnx_ehCMHktTFgB78CB2N-kdtRI5I=',
      'err': 0,
    }),
    dict({
      'basename': 'Cijk_Alik_Bljk_HHS_BH_UserArgs_MT16x64x16_SN_LDSPV195g0hYbkDpdZ0iEF-B0JrB9zAA36UBuXNVLfmY5w=',
      'err': 0,
    }),
    dict({
      'basename': 'Cijk_Alik_Bljk_HHS_BH_UserArgs_MT32x32x16_SN_LDSfTIIBGRf2Lr8W8XIKmXNoFeeicC5OgqMwTDUjyxvQl4=',
      'err': 0,
    }),
    dict({
      'basename': 'Cijk_Alik_Bljk_HHS_BH_UserArgs_MT32x64x16_SN_LDS1bsv42uNm1-JFYwDuICKO_iM06_ipk7ZrSH2NXKdGVA=',
      'err': 0,
    }),
    dict({
      'basename': 'Cijk_Alik_Bljk_HHS_BH_UserArgs_MT64x32x16_SN_LDSptg3hJRCNBM4CWpiu-PjmNZTer85jZ_3-RDVzf4YtZQ=',
      'err': 0,
    }),
    dict({
      'basename': 'Cijk_Alik_Bljk_HHS_BH_UserArgs_MT8x64x16_SN_LDSBpbaB-7oKG-JF-hu7QIRc6WAirJyGoWiKtmV7VGAMiIk=',
      'err': 0,
    }),
  ])
# ---
