# serializer version: 1
# name: test_gfx90a_dominant_golden
  list([
    dict({
      'basename': 'Cijk_Alik_Bljk_BBS_BH_Bias_HA_S_UserArgs_MT128x3IBYKZ_432BacLhd4KZYVB9PMbpGWOaPyDGReoUecLvM=',
      'err': 0,
    }),
    dict({
      'basename': 'Cijk_Alik_Bljk_BBS_BH_Bias_HA_S_UserArgs_MT64x16_yjSAhAiEnZHzRkycEf4ZlKGTMH1pDvjBX1bEdeNGK0=',
      'err': 0,
    }),
  ])
# ---
