# serializer version: 1
# name: test_r3_subtile_lr_fp8_gfx950_golden
  list([
    dict({
      'basename': 'Cijk_Alik_Bljk_F8SS_BH_UserArgs_MT128x128x256_MI6ntYpTsbsJD7zb6SH41_Qc54lC1X284Kn1t0LNqBzRQ=',
      'err': 0,
    }),
    dict({
      'basename': 'Cijk_Alik_Bljk_F8SS_BH_UserArgs_MT64x64x256_MI1691IcArmPSObTazhthUhXFgxf2j6HSh2sspa1WFrBIw0=',
      'err': 0,
    }),
  ])
# ---
