# serializer version: 1
# name: test_gfx1250_emit_digests
  list([
    dict({
      'file': 'BBS.yaml',
      'kernels': list([
        dict({
          'basename': 'Cijk_Ailk_Bjlk_BBS_BH_Bias_A_UserArgs_MT16x16x32sG_EfyyQo9Jdy2QTG47_e5aocmqmgaaj5DQLJvJimes=',
          'err': 0,
        }),
      ]),
    }),
    dict({
      'file': 'F4_MX.yaml',
      'kernels': list([
        dict({
          'basename': 'Cijk_Alik_Bljk_F4BS_MXAE8B32_MXBE8B32_BH_Bias_HAIS4g3Yirtb38sVYYsYB1dQzDS8RxgDeib_5PJL6Hm0U=',
          'err': 0,
        }),
      ]),
    }),
    dict({
      'file': 'HHS.yaml',
      'kernels': list([
        dict({
          'basename': 'Cijk_Ailk_Bjlk_HHS_BH_Bias_A_UserArgs_MT16x16x32sG_EfyyQo9Jdy2QTG47_e5aocmqmgaaj5DQLJvJimes=',
          'err': 0,
        }),
      ]),
    }),
    dict({
      'file': 'SB.yaml',
      'kernels': list([
        dict({
          'basename': 'Cijk_Ailk_Bjlk_S_MX_B_Bias_SB_HA_S_SAB_SAV_UserAz_-nZWvZqXCjUj-N3NFbvwckEF1bMdMNJs92XZARr1U=',
          'err': 0,
        }),
      ]),
    }),
  ])
# ---
