# serializer version: 1
# name: test_r2_store_gfx942_golden
  list([
    dict({
      'basename': 'Cijk_Alik_Bljk_BBS_BH_Bias_SAV_UserArgs_MT64x16x2a_wUF0L31t6tCrPnyiWw19a2uiS0kTHpOkt5dMDwdo=',
      'err': 0,
    }),
    dict({
      'basename': 'Cijk_Alik_Bljk_BBS_BH_Bias_SAV_UserArgs_MT64x16xXPZNrkghDAOnNeEu1NGehykvrZdAHStRGX6ZDgYRDtI=',
      'err': 0,
    }),
    dict({
      'basename': 'Cijk_Alik_Bljk_BBS_BH_Bias_SAV_UserArgs_MT64x16xlNjnr5-kj7wfscH0qek9oaHLagDGDz_4BA8Kn0Zu3b0=',
      'err': 0,
    }),
    dict({
      'basename': 'Cijk_Alik_Bljk_BBS_BH_Bias_SAV_UserArgs_MT64x16xzHX4sEilD6ViFh_evYEPRhrU2pLuy7y3wnJzTQl6fSw=',
      'err': 0,
    }),
  ])
# ---
