# serializer version: 1
# name: test_s04a_globalwriteelements_mbsk_singleb_golden
  list([
    dict({
      'basename': 'Cijk_Ailk_Bljk_HHS_BH_UserArgs_MT16x16x16_MI16x1K8W9F32l6QsyKJ92x7dDUSQ1S0493JuEc52H3p0J4cM=',
      'err': 0,
    }),
    dict({
      'basename': 'Cijk_Ailk_Bljk_HHS_BH_UserArgs_MT16x16x16_MI16x1POMtEOEOMkRp0M1U9z_3asqMGQnRC3wfJHLIAqMukIA=',
      'err': 0,
    }),
    dict({
      'basename': 'Cijk_Ailk_Bljk_HHS_BH_UserArgs_MT16x16x16_MI16x1cS-TPocZWT-Lf8k2-hgmTss_3-3m24fWtIccbxBp10w=',
      'err': 0,
    }),
  ])
# ---
