# serializer version: 1
# name: test_r2_mac_hhs_dot2_golden
  list([
    dict({
      'basename': 'Cijk_Alik_Bljk_HHS_BH_UserArgs_MT16x32x16_SN_LDS3XoZ5HBWOyIdHsg0lUZlWXaOwbFVliGlFjemKG1xyQA=',
      'err': 0,
    }),
    dict({
      'basename': 'Cijk_Alik_Bljk_HHS_BH_UserArgs_MT16x64x16_SN_LDSUNJkqYe9yrVnO23LINsiw51RA9dKHWY2A1IGpWUyOTM=',
      'err': 0,
    }),
    dict({
      'basename': 'Cijk_Alik_Bljk_HHS_BH_UserArgs_MT32x32x16_SN_LDStC7mg7UXefYheAL2AIe69c6lkdxOrg1O5l-hPzGgTHA=',
      'err': 0,
    }),
    dict({
      'basename': 'Cijk_Alik_Bljk_HHS_BH_UserArgs_MT32x64x16_SN_LDSAfeEFTY9ANMlYcIU8PtlytqJOElRFlu3HBuISREkb3g=',
      'err': 0,
    }),
    dict({
      'basename': 'Cijk_Alik_Bljk_HHS_BH_UserArgs_MT64x32x16_SN_LDSLbfquC47l4hOGGVRrzg-wGuLAHuNt_64vhQsm1GRg-4=',
      'err': 0,
    }),
    dict({
      'basename': 'Cijk_Alik_Bljk_HHS_BH_UserArgs_MT8x64x16_SN_LDSBeJHD6PHBjmZhAmKtceo-bXH7spVN1GRN9ZxzMF-8NqI=',
      'err': 0,
    }),
  ])
# ---
