# serializer version: 1
# name: test_gfx1201_emit_digests
  list([
    dict({
      'file': 'B8B8S.yaml',
      'kernels': list([
        dict({
          'basename': 'Cijk_Alik_Bljk_B8B8S_BH_Bias_HA_S_SAV_UserArgs_Mn2NFM4BbVzmbBAwNeymnO60LLO17rnCQo9_4aCzgxL4=',
          'err': 0,
        }),
      ]),
    }),
    dict({
      'file': 'BBS.yaml',
      'kernels': list([
        dict({
          'basename': 'Cijk_Alik_Bljk_BBS_BH_Bias_SH_HA_S_SAV_UserArgs_IGwywX-AHzuzpSFQqo2MaBxDLpt6wvV0leooOqMbduE=',
          'err': 0,
        }),
      ]),
    }),
    dict({
      'file': 'HHS.yaml',
      'kernels': list([
        dict({
          'basename': 'Cijk_Alik_Bljk_HHS_BH_Bias_HA_S_SAV_UserArgs_MT1Y4_zAkO8LdM29aNSt_QwaZ_XWBUkSIe0bMGaq0g_inw=',
          'err': 0,
        }),
      ]),
    }),
    dict({
      'file': 'HSS.yaml',
      'kernels': list([
        dict({
          'basename': 'Cijk_Alik_Bljk_HSS_BH_Bias_HA_S_SAV_UserArgs_MT1Y4_zAkO8LdM29aNSt_QwaZ_XWBUkSIe0bMGaq0g_inw=',
          'err': 0,
        }),
      ]),
    }),
  ])
# ---
