# serializer version: 1
# name: test_r2_streamk_gfx942_golden
  list([
    dict({
      'basename': 'Cijk_Ailk_Bjlk_S_B_UserArgs_MT128x128x16_MI16x16YK0qN6Sgmb-QX-uEEPaZDVtEYJg8WQ23FJ9bT-XOQs0=',
      'err': 0,
    }),
    dict({
      'basename': 'Cijk_Ailk_Bjlk_S_B_UserArgs_MT128x128x16_MI16x16ZETHqjeTI8CScKMhwiOnlG-aHvAbekzNWSMln5-cN7E=',
      'err': 0,
    }),
    dict({
      'basename': 'Cijk_Ailk_Bjlk_S_B_UserArgs_MT128x128x16_MI16x16ZETHqjeTI8CScKMhwiOnlG-aHvAbekzNWSMln5-cN7E=',
      'err': 0,
    }),
    dict({
      'basename': 'Cijk_Ailk_Bjlk_S_B_UserArgs_MT128x128x16_MI16x16l9BOuoPcnI1Aoo0gIygJic8x2fcKb2EKXzHu_PxTHCM=',
      'err': 0,
    }),
  ])
# ---
