# serializer version: 1
# name: test_gfx90a_hhs_golden
  list([
    dict({
      'basename': 'Cijk_Alik_Bljk_HHS_BH_Bias_A_S_UserArgs_MT64x16xIiaxERzo8I17oO8aUxwkdwkp0SfPC-HmSY-Ph6DNaX8=',
      'err': 0,
    }),
    dict({
      'basename': 'Cijk_Alik_Bljk_HHS_BH_Bias_A_S_UserArgs_MT64x16xsjb-G3PONu9tCY1AVrrpRS0aNOCsj69MF6eS4-YRuB0=',
      'err': 0,
    }),
  ])
# ---
