# serializer version: 1
# name: test_gfx950_bbs_golden
  list([
    dict({
      'basename': 'Cijk_Alik_Bljk_BBS_BH_Bias_HA_S_UserArgs_MT64x16-6lF1QBrOE3aaDwA-A6Os8ugyVfnvGq0ZWRDeMD_s8Y=',
      'err': 0,
    }),
    dict({
      'basename': 'Cijk_Alik_Bljk_BBS_BH_Bias_HA_S_UserArgs_MT64x16zxHEn0iol01azTu0e7nlO5PKcWpsTPw-1kCzznm2FPs=',
      'err': 0,
    }),
  ])
# ---
