# serializer version: 1
# name: test_s10_usef32xemulation_index_transpose_golden
  list([
    dict({
      'basename': 'Cijk_Ailk_Bjlk_S_MX_BH_UserArgs_MT64x64x64_MI16xxJbF6CaB-_9RZ5RUhXwFUIvQJnOSgYv-T4DWtXYqWlY=',
      'err': 0,
    }),
    dict({
      'basename': 'Cijk_Ailk_Bjlk_S_MX_B_UserArgs_MT64x64x64_MI16x1aeRDgP2L1mUjE5fPaMqvbeVpZmdgFF2f4JJ7WAz0oTU=',
      'err': 0,
    }),
  ])
# ---
