# serializer version: 1
# name: test_streamk_cluster_multicast_gfx1250_golden[pgr1_cs2_ck2]
  list([
    dict({
      'basename': 'Cijk_Alik_Bljk_F8SS_MXAE8B32_MXBE8B32_BH_UserArg711LKQItNvrh1YDqL9oZ6ooSWR33ZuA0WjvTpM6bFBg=',
      'err': 0,
    }),
    dict({
      'basename': 'Cijk_Alik_Bljk_F8SS_MXAE8B32_MXBE8B32_BH_UserArgKAlbxXRmag2KW9G2VMGsTN1HxyJFJMRCozM_eD_1Yqs=',
      'err': 0,
    }),
    dict({
      'basename': 'Cijk_Alik_Bljk_F8SS_MXAE8B32_MXBE8B32_BH_UserArgUCGyh8OjhFzQiMEY0wZZXG0p7TyE1vLLCRnhC6O8jQE=',
      'err': 0,
    }),
    dict({
      'basename': 'Cijk_Alik_Bljk_F8SS_MXAE8B32_MXBE8B32_BH_UserArgUIwJ1olyKiNqTyNxWyevultK6Bg0RASQsU8SmNznxXU=',
      'err': 0,
    }),
    dict({
      'basename': 'Cijk_Alik_Bljk_F8SS_MXAE8B32_MXBE8B32_BH_UserArgbVhKXHEmurPKrUvVWo4VpLzcpiHykI_g2tjEvskd18A=',
      'err': 0,
    }),
    dict({
      'basename': 'Cijk_Alik_Bljk_F8SS_MXAE8B32_MXBE8B32_BH_UserArgdlKNeCLKckrAfsU3woAozUbuRUwM9bxEtbuMgbo_R4w=',
      'err': 0,
    }),
    dict({
      'basename': 'Cijk_Alik_Bljk_F8SS_MXAE8B32_MXBE8B32_BH_UserArgoBqDAXgWRZJe47yQ8ocA5YtZtAU1_t3J2JespbaL6A0=',
      'err': 0,
    }),
    dict({
      'basename': 'Cijk_Alik_Bljk_F8SS_MXAE8B32_MXBE8B32_BH_UserArgy3GMu6_ZpA-YqgUNxX-UQRkpaUxZdHDRtMC6W0KTudU=',
      'err': 0,
    }),
  ])
# ---
# name: test_streamk_cluster_multicast_gfx1250_golden[pgr1_cs4_ck1]
  list([
    dict({
      'basename': 'Cijk_Alik_Bljk_F8SS_MXAE8B32_MXBE8B32_BH_UserArg6s3V5e3gUuMwNyRrpe5o6ri-JlEU_I6y7UJ-gb8ikvw=',
      'err': 0,
    }),
    dict({
      'basename': 'Cijk_Alik_Bljk_F8SS_MXAE8B32_MXBE8B32_BH_UserArgDR6aJJnJc4e3EjK8nk2OdEt_kOlalU4kSl50NE94eds=',
      'err': 0,
    }),
    dict({
      'basename': 'Cijk_Alik_Bljk_F8SS_MXAE8B32_MXBE8B32_BH_UserArgJvNe9vv7UdDJ0iViFj2ZFh3Qr91_WPk3ptQkWUY90ek=',
      'err': 0,
    }),
    dict({
      'basename': 'Cijk_Alik_Bljk_F8SS_MXAE8B32_MXBE8B32_BH_UserArgUocxlJQ33KtTXfTICWMWXmtOcJElywpuAMsXC1ZPJdA=',
      'err': 0,
    }),
    dict({
      'basename': 'Cijk_Alik_Bljk_F8SS_MXAE8B32_MXBE8B32_BH_UserArghiL2r0W9dqUF6kiQ2H-lz9Hqg7W3lFK9cqO8BYl0SSw=',
      'err': 0,
    }),
    dict({
      'basename': 'Cijk_Alik_Bljk_F8SS_MXAE8B32_MXBE8B32_BH_UserArglEpVsZF-p6ZMx_9Obqks2xF_pfG4mTADYw0atOiwAG0=',
      'err': 0,
    }),
    dict({
      'basename': 'Cijk_Alik_Bljk_F8SS_MXAE8B32_MXBE8B32_BH_UserArgoPIrs9VN3Rem83J_di2qOgNKKmJYWACK0vPauwJuDP4=',
      'err': 0,
    }),
    dict({
      'basename': 'Cijk_Alik_Bljk_F8SS_MXAE8B32_MXBE8B32_BH_UserArgzssHUDv4ZsMeWavkXcjROMRGjvDAJ1LCPOJ8ISounb0=',
      'err': 0,
    }),
  ])
# ---
# name: test_streamk_cluster_multicast_gfx1250_golden[pgr2_cs2_ck2]
  list([
    dict({
      'basename': 'Cijk_Alik_Bljk_F8SS_MXAE8B32_MXBE8B32_BH_UserArgDGt_SRLKVWYdeCyJlzfqjTk1r4e39PUU0nyy8pDzIVQ=',
      'err': 0,
    }),
    dict({
      'basename': 'Cijk_Alik_Bljk_F8SS_MXAE8B32_MXBE8B32_BH_UserArgYP4s854uRAnV9yESj5GtqfdIDzHM37ZeW9lSwHM-53k=',
      'err': 0,
    }),
    dict({
      'basename': 'Cijk_Alik_Bljk_F8SS_MXAE8B32_MXBE8B32_BH_UserArgaJ7_blxLl0DUFObkdM5eVIHYfQqMWl8wsuYoRRqYfG8=',
      'err': 0,
    }),
    dict({
      'basename': 'Cijk_Alik_Bljk_F8SS_MXAE8B32_MXBE8B32_BH_UserArgdZhcEVx7Xp_lRJI1-CAIT9pNdbdWKld_6IoLgRnpfho=',
      'err': 0,
    }),
    dict({
      'basename': 'Cijk_Alik_Bljk_F8SS_MXAE8B32_MXBE8B32_BH_UserArgjX36HrUeSWmsPub_iVhLw6n1C1NzPg28VBqWIYtxgOU=',
      'err': 0,
    }),
    dict({
      'basename': 'Cijk_Alik_Bljk_F8SS_MXAE8B32_MXBE8B32_BH_UserArgryQeD1lCtOHqFMDh-ERfKhs1leovBF-njan_3vSTlFg=',
      'err': 0,
    }),
    dict({
      'basename': 'Cijk_Alik_Bljk_F8SS_MXAE8B32_MXBE8B32_BH_UserArgt81A-iY-MLoTvMjNVKjEfIrl6_3RW78vaewB0XaR-Es=',
      'err': 0,
    }),
    dict({
      'basename': 'Cijk_Alik_Bljk_F8SS_MXAE8B32_MXBE8B32_BH_UserArgzZpK1fKbqFSmTe3Ew4p-TWj33RtQdwvlCTV1u5e2brw=',
      'err': 0,
    }),
  ])
# ---
# name: test_streamk_cluster_multicast_gfx1250_golden[pgr2_cs4_ck1]
  list([
    dict({
      'basename': 'Cijk_Alik_Bljk_F8SS_MXAE8B32_MXBE8B32_BH_UserArg1wHbN_C02yh1CsAABLXqCWrHFC6zJMX-UJ6JOr9XVWs=',
      'err': 0,
    }),
    dict({
      'basename': 'Cijk_Alik_Bljk_F8SS_MXAE8B32_MXBE8B32_BH_UserArg3ScFoHmQPm7s4UxzmQxgxpIdNYfWDiJ3pUzLHf4_6YE=',
      'err': 0,
    }),
    dict({
      'basename': 'Cijk_Alik_Bljk_F8SS_MXAE8B32_MXBE8B32_BH_UserArg8Ef0ucd6DwzaTdGoGSLiIE8M62GVoj1dmnR3aSrFUbU=',
      'err': 0,
    }),
    dict({
      'basename': 'Cijk_Alik_Bljk_F8SS_MXAE8B32_MXBE8B32_BH_UserArgLY27wKIp8zQGkvGaWF3oRvQ9QLPRERCIU4E65iVzCrU=',
      'err': 0,
    }),
    dict({
      'basename': 'Cijk_Alik_Bljk_F8SS_MXAE8B32_MXBE8B32_BH_UserArgc6vkycyImj9GaXNbFC-Gou8BjDljNu2vU9BT9obdR_k=',
      'err': 0,
    }),
    dict({
      'basename': 'Cijk_Alik_Bljk_F8SS_MXAE8B32_MXBE8B32_BH_UserArggNnZrLbdfpo_Be0DWnK6bd2hEmIfI7PjIrDjB7_gl18=',
      'err': 0,
    }),
    dict({
      'basename': 'Cijk_Alik_Bljk_F8SS_MXAE8B32_MXBE8B32_BH_UserArgm_g5ekLeVBVp5AgicNlu_KqMh234xD63O7H6S4zYUV8=',
      'err': 0,
    }),
    dict({
      'basename': 'Cijk_Alik_Bljk_F8SS_MXAE8B32_MXBE8B32_BH_UserArguPRq5Ri9X_meVuvO8AoFkx7QbP2BgrAiGmRnwbFXFGU=',
      'err': 0,
    }),
  ])
# ---
