# serializer version: 1
# name: test_gfx942_emit_digests
  list([
    dict({
      'file': 'BBS_BH_Bias_Act.yaml',
      'kernels': list([
        dict({
          'basename': 'Cijk_Ailk_Bljk_BBS_BH_Bias_HA_S_UserArgs_MT256x9mUxzJEBqlLjMjglyKlGiWra_lUtGrG8xKtL3y3XJe04=',
          'err': 0,
        }),
      ]),
    }),
    dict({
      'file': 'DB.yaml',
      'kernels': list([
        dict({
          'basename': 'Cijk_Ailk_Bljk_D_B_UserArgs_MT16x16x16_MI16x16x1tlAQhki2KfxdQ431H-a28YVMgRjgbpwheE8GS8O-nDE=',
          'err': 0,
        }),
        dict({
          'basename': 'Cijk_Ailk_Bljk_D_B_UserArgs_MT16x16x8_MI16x16x1_wgvcAvhSjpy6URBDgim8e-eA_7dal-wLdCd3o3zxwok=',
          'err': 0,
        }),
      ]),
    }),
    dict({
      'file': 'DTV.yaml',
      'kernels': list([
        dict({
          'basename': 'Cijk_Alik_Bljk_BBS_STA_BH_UserArgs_MT512x128x64_YXMdXRMfeckNc-5-W-RNWBnaJ6kpGtZaBRPj_ccwkbw=',
          'err': 0,
        }),
      ]),
    }),
    dict({
      'file': 'F8N_multi.yaml',
      'kernels': list([
        dict({
          'basename': 'Cijk_Alik_Bljk_F8NF8NS_BH_Bias_H_AuxH_AmaxD_HA_S8yk69CSdPeqOrhJKRvqw30q2SfpNbCdvpHIW3AZOMS8=',
          'err': 0,
        }),
        dict({
          'basename': 'Cijk_Alik_Bljk_F8NF8NS_BH_Bias_H_AuxH_AmaxD_HA_SGFX_WlXgQNXZuukegBvbhHjtmqoCIPh60zNOe4G_CVM=',
          'err': 0,
        }),
        dict({
          'basename': 'Cijk_Alik_Bljk_F8NF8NS_BH_Bias_H_AuxH_AmaxD_HA_SbpPuabtO6Ii-S6msmyAsq-bRLLAdZf9E3aSQk5iC3Do=',
          'err': 0,
        }),
        dict({
          'basename': 'Cijk_Alik_Bljk_F8NF8NS_BH_Bias_H_AuxH_AmaxD_HA_Sk6PNopzHhzQupJhpnFjj1hO55GzZ39bNKZq6wDo88VQ=',
          'err': 0,
        }),
      ]),
    }),
    dict({
      'file': 'GG.yaml',
      'kernels': list([
        dict({
          'basename': 'Cijk_Ailk_Bjlk_HSS_BH_Bias_GG_HA_S_SAV_UserArgs_3piTstlTN_ktwYLZBzKLXUCqSykg9-UooYlmJIFSg4o=',
          'err': 0,
        }),
      ]),
    }),
    dict({
      'file': 'GSU.yaml',
      'kernels': list([
        dict({
          'basename': 'Cijk_Ailk_Bljk_D_B_UserArgs_MT16x16x16_MI16x16x1tlAQhki2KfxdQ431H-a28YVMgRjgbpwheE8GS8O-nDE=',
          'err': 0,
        }),
        dict({
          'basename': 'Cijk_Ailk_Bljk_D_B_UserArgs_MT16x16x8_MI16x16x1_wgvcAvhSjpy6URBDgim8e-eA_7dal-wLdCd3o3zxwok=',
          'err': 0,
        }),
      ]),
    }),
    dict({
      'file': 'Grad.yaml',
      'kernels': list([
        dict({
          'basename': 'Cijk_Ailk_Bjlk_S_B_Bias_D_GradS_HA_S_SAV_UserArg-CIGfdiyVz9mp0-9uY4RiS559NmLHcivGESDYL_U97Y=',
          'err': 0,
        }),
      ]),
    }),
    dict({
      'file': 'HHS_BH_Bias_GG.yaml',
      'kernels': list([
        dict({
          'basename': 'Cijk_Ailk_Bjlk_HHS_BH_Bias_GG_HA_S_SAV_UserArgs_r_fgerIIbxplJoIgEmc2i1QMbcYZ4jDo6sRoaqgp7IQ=',
          'err': 0,
        }),
      ]),
    }),
    dict({
      'file': 'HSS_BH_Bias.yaml',
      'kernels': list([
        dict({
          'basename': 'Cijk_Alik_Bjlk_HSS_BH_Bias_HA_S_SAV_UserArgs_MT3VpMFyU5TaYiarzNFFTsnNkyKhwd8dNt_yuhVi15Wuuk=',
          'err': 0,
        }),
      ]),
    }),
    dict({
      'file': 'LSU_MX.yaml',
      'kernels': list([
        dict({
          'basename': 'Cijk_Alik_Bjlk_S_MX_B_Bias_HA_S_SAV_UserArgs_MT1BZ5NF7NUMgoNjvoRMqJ8X32ElvNEBm2jWmhM3riMYac=',
          'err': 0,
        }),
        dict({
          'basename': 'Cijk_Alik_Bjlk_S_MX_B_Bias_HA_S_SAV_UserArgs_MT1MEVOLyZC19Yjum6a8n3G0QK-OJF1snstPWa6rnNKaJI=',
          'err': 0,
        }),
      ]),
    }),
    dict({
      'file': 'MX.yaml',
      'kernels': list([
        dict({
          'basename': 'Cijk_Ailk_Bljk_S_MX_B_Bias_HA_S_SAV_UserArgs_MT3FbtAq9cuOPrIuS2WHFL9brokrsiL4k9xzojpENj4u4Y=',
          'err': 0,
        }),
      ]),
    }),
    dict({
      'file': 'SB_Bias_Aux.yaml',
      'kernels': list([
        dict({
          'basename': 'Cijk_Ailk_Bjlk_S_B_Bias_AuxS_HA_S_SAV_UserArgs_MreJuhzzYqvQf6j-eUCfeTxn-59nCIXLmWyBdYItN0d0=',
          'err': 0,
        }),
      ]),
    }),
  ])
# ---
