# serializer version: 1
# name: test_r2_store_gfx942_golden
  list([
    dict({
      'basename': 'Cijk_Alik_Bljk_BBS_BH_Bias_SAV_UserArgs_MT64x16x5oFXn2pKjSU1gDVqrZhh4hQ8ad0Yoce7HK4jPcq5_tA=',
      'err': 0,
    }),
    dict({
      'basename': 'Cijk_Alik_Bljk_BBS_BH_Bias_SAV_UserArgs_MT64x16xHQRrpotz5G53qjCFu5rXn8oqTGPGaQ3Z7i0evY2g0ug=',
      'err': 0,
    }),
    dict({
      'basename': 'Cijk_Alik_Bljk_BBS_BH_Bias_SAV_UserArgs_MT64x16xnbZF3f2abYmzKqFe4-JM8d5hwxXin1O1Tts3v7DqNVU=',
      'err': 0,
    }),
    dict({
      'basename': 'Cijk_Alik_Bljk_BBS_BH_Bias_SAV_UserArgs_MT64x16xuJ8aCVSclrbH5h7LDf1Pp_Ov66nIzqTKjU8I8_uMYS0=',
      'err': 0,
    }),
  ])
# ---
