# serializer version: 1
# name: test_gfx1201_emit_digests
  list([
    dict({
      'file': 'B8B8S.yaml',
      'kernels': list([
        dict({
          'basename': 'Cijk_Alik_Bljk_B8B8S_BH_Bias_HA_S_SAV_UserArgs_MSxaGjpzey0NmJGi9VwW0NGLxyjz_cQ4rCeo6hN0xUYM=',
          'err': 0,
        }),
      ]),
    }),
    dict({
      'file': 'BBS.yaml',
      'kernels': list([
        dict({
          'basename': 'Cijk_Alik_Bljk_BBS_BH_Bias_SH_HA_S_SAV_UserArgs_RfO1PdIZu84FmredjRC8tHG62bLzOBrty-BDhl5s2y4=',
          'err': 0,
        }),
      ]),
    }),
    dict({
      'file': 'HHS.yaml',
      'kernels': list([
        dict({
          'basename': 'Cijk_Alik_Bljk_HHS_BH_Bias_HA_S_SAV_UserArgs_MT1JjMiW13chX2t1gT7KCJbS5pkYuJyMN1wDoCB07hbGn0=',
          'err': 0,
        }),
      ]),
    }),
    dict({
      'file': 'HSS.yaml',
      'kernels': list([
        dict({
          'basename': 'Cijk_Alik_Bljk_HSS_BH_Bias_HA_S_SAV_UserArgs_MT1JjMiW13chX2t1gT7KCJbS5pkYuJyMN1wDoCB07hbGn0=',
          'err': 0,
        }),
      ]),
    }),
  ])
# ---
