# serializer version: 1
# name: test_r2_shiftvector_golden
  list([
    dict({
      'basename': 'Cijk_Ailk_Bjlk_S_B_UserArgs_MT128x64x16_SN_LDSB0cxqDdAyOl0nu0BxjhR0ZVDFYf4iwHF6iSsTfcanTeFo=',
      'err': 0,
    }),
    dict({
      'basename': 'Cijk_Ailk_Bjlk_S_B_UserArgs_MT64x128x16_SN_LDSB0vKZxf1j64AC8xkHhZQsRNOCaArNVUulHir6vccQ70Zk=',
      'err': 0,
    }),
    dict({
      'basename': 'Cijk_Ailk_Bjlk_S_B_UserArgs_MT64x64x16_SN_LDSB0_XP3TYdUvM77l54PvENMoSc63WWKevOzqXN_iqfP_rKM=',
      'err': 0,
    }),
  ])
# ---
