# serializer version: 1
# name: test_gfx950_hhs_golden
  list([
    dict({
      'basename': 'Cijk_Alik_Bljk_HHS_BH_Bias_A_S_UserArgs_MT64x16xT31E5fqP19ngU9304KuhIOJkE45rBohNLvstI4Kbusc=',
      'err': 0,
    }),
    dict({
      'basename': 'Cijk_Alik_Bljk_HHS_BH_Bias_A_S_UserArgs_MT64x16xjAbzDgfWbO0HAhIdbnmmTqdo4INziaXOw_UUUQc0kTA=',
      'err': 0,
    }),
  ])
# ---
