# serializer version: 1
# name: test_gfx950_bbs_golden
  list([
    dict({
      'basename': 'Cijk_Alik_Bljk_BBS_BH_Bias_HA_S_UserArgs_MT64x16S42iwVxknmDufq8nFJ2wqC0uSY3CbJ45_D4mrF8slmo=',
      'err': 0,
    }),
    dict({
      'basename': 'Cijk_Alik_Bljk_BBS_BH_Bias_HA_S_UserArgs_MT64x16WDwZho1XkDXcrt4UVcRVz3N5kMQ0QPma65uT90B2QpM=',
      'err': 0,
    }),
  ])
# ---
