# serializer version: 1
# name: test_gfx950_dominant_golden
  list([
    dict({
      'basename': 'Cijk_Alik_Bljk_F8HS_BH_UserArgs_MT64x64x128_MI16kiWJ7RgsTGDVwjnv-9TcLVD8lpptPeOb7-ogzuN8RkI=',
      'err': 0,
    }),
    dict({
      'basename': 'Cijk_Alik_Bljk_F8HS_BH_UserArgs_MT64x64x128_MI32GWfDctksUjpF5jCkI7-6zW15hVq4Y-7HigUcF23Tpzk=',
      'err': 0,
    }),
  ])
# ---
