# serializer version: 1
# name: test_r2_wgm_gfx942_golden
  list([
    dict({
      'basename': 'Cijk_Alik_Bljk_BBS_BH_Bias_A_S_UserArgs_MT64x16xGO_VWNLgtK7KnCiTMXdS8izQPPujL2CG1Ru_gcKGS6Q=',
      'err': 0,
    }),
    dict({
      'basename': 'Cijk_Alik_Bljk_BBS_BH_Bias_A_S_UserArgs_MT64x16xPLc0Z42Az-SE-380Jkjamh-2ZXSrjo2JVpcDD4QOon0=',
      'err': 0,
    }),
    dict({
      'basename': 'Cijk_Alik_Bljk_BBS_BH_Bias_A_S_UserArgs_MT64x16x_KXlrqG_Ddt1VJ1aCBDkpougzU52jUZm-RUqPZ2mVKY=',
      'err': 0,
    }),
    dict({
      'basename': 'Cijk_Alik_Bljk_BBS_BH_Bias_A_S_UserArgs_MT64x16xoU8GBgi6bu4zsgZKXKySnY3bNuDO9o9MlyaIat4uxUE=',
      'err': 0,
    }),
    dict({
      'basename': 'Cijk_Alik_Bljk_BBS_BH_Bias_A_S_UserArgs_MT64x16xzUJa6yx-0Y5u5UTX8DtT7spbASj6GB45vuxZAHIIBuM=',
      'err': 0,
    }),
  ])
# ---
