# serializer version: 1
# name: test_r4_fp8mx_gfx950_golden
  list([
    dict({
      'basename': 'Cijk_Alik_Bljk_F8SS_MXAE8B32_MXBE8B32_BH_UserArg12-mKg7kY6COOO8CL_0FgQn4lbqG7CPnLh1nAGg50pI=',
      'err': 0,
    }),
    dict({
      'basename': 'Cijk_Alik_Bljk_F8SS_MXAE8B32_MXBE8B32_BH_UserArgj3hQELPRW3RaS1t0zgvo369EvVvaVT-3qvpuGTMFROc=',
      'err': 0,
    }),
    dict({
      'basename': 'Cijk_Alik_Bljk_F8SS_MXAE8B32_MXBE8B32_BH_UserArgnlOulxir3eXOyhZgR-llbI_omG9P5z1wfpox_YwvRkg=',
      'err': 0,
    }),
    dict({
      'basename': 'Cijk_Alik_Bljk_F8SS_MXAE8B32_MXBE8B32_BH_UserArguDyAHL0pjASqLzEP3DTEWVAGS-vn3CYCwRUA0N1lris=',
      'err': 0,
    }),
  ])
# ---
