# serializer version: 1
# name: test_r4_shiftvector2_golden
  list([
    dict({
      'basename': 'Cijk_Ailk_Bjlk_S_B_UserArgs_MT128x64x16_SN_LDSB0O0oIk5leTniJd8FGX7grFL_OFnA25A8cFFUtWRhcH2o=',
      'err': 0,
    }),
    dict({
      'basename': 'Cijk_Ailk_Bjlk_S_B_UserArgs_MT64x128x16_SN_LDSB0Y0ILAGVi44EX3V3yd2QDe29h_NR2hGil8EeF4uqRP-A=',
      'err': 0,
    }),
    dict({
      'basename': 'Cijk_Ailk_Bjlk_S_B_UserArgs_MT64x64x16_SN_LDSB0_mQ-1EV0NhTpb89xZXWHFANAqlxhOnGwmYHweCFsBeC8=',
      'err': 0,
    }),
  ])
# ---
