# serializer version: 1
# name: test_r2_solution_gfx942_golden
  list([
    dict({
      'basename': 'Cijk_Alik_Bljk_BBS_BH_Bias_A_S_UserArgs_MT64x16x7u_P8QqEbNOJElYSB_Cb-0qlcG_muwXrGXadNy6fVHU=',
      'err': 0,
    }),
    dict({
      'basename': 'Cijk_Alik_Bljk_BBS_BH_Bias_A_S_UserArgs_MT64x16xEFbBx9gAl1lVwD8QAqA_HmmQuBCNb4EcJQXv9kg0w_I=',
      'err': 0,
    }),
    dict({
      'basename': 'Cijk_Alik_Bljk_BBS_BH_Bias_A_S_UserArgs_MT64x16xQehmwhgzsOh3LDe1k3-VV1HRRnEn9a-1Yne-m5ZWfGk=',
      'err': 0,
    }),
    dict({
      'basename': 'Cijk_Alik_Bljk_BBS_BH_Bias_A_S_UserArgs_MT64x16xT5NieMv2Sx57CFlsBaWhUEMkGxtu51xZDTaFwaWb-BQ=',
      'err': 0,
    }),
  ])
# ---
