# serializer version: 1
# name: test_gfx942_dominant_golden
  list([
    dict({
      'basename': 'Cijk_Alik_Bljk_BBS_BH_Bias_A_S_UserArgs_MT128x32C0CfKn99oW7DZRf3G2JUb35OqlawsbjmH9xTtUKZcvo=',
      'err': 0,
    }),
    dict({
      'basename': 'Cijk_Alik_Bljk_BBS_BH_Bias_A_S_UserArgs_MT128x32ifeASvi85arsfC4sQpUY3rrDgk8XdyGJLuxsrpaTnjw=',
      'err': 0,
    }),
    dict({
      'basename': 'Cijk_Alik_Bljk_BBS_BH_Bias_A_S_UserArgs_MT64x16xT5NieMv2Sx57CFlsBaWhUEMkGxtu51xZDTaFwaWb-BQ=',
      'err': 0,
    }),
    dict({
      'basename': 'Cijk_Alik_Bljk_BBS_BH_Bias_A_S_UserArgs_MT64x16xVEVjb7xm_kehClxgCVdH1aJNU75VHjORAKqIfDX4_3I=',
      'err': 0,
    }),
  ])
# ---
