# serializer version: 1
# name: test_gfx90a_dominant_golden
  list([
    dict({
      'basename': 'Cijk_Alik_Bljk_BBS_BH_Bias_HA_S_UserArgs_MT128x3dM9pIv7YFUbHC_FKZFwe5Hp5gUCyKsa7UfeJUAQKXjM=',
      'err': 0,
    }),
    dict({
      'basename': 'Cijk_Alik_Bljk_BBS_BH_Bias_HA_S_UserArgs_MT64x168lY1uddjnsZTGAYJ6sULJVAreKoEaLLVImo_RG0XhGw=',
      'err': 0,
    }),
  ])
# ---
