miopenActivationBackward
miopenActivationForward
miopenAddLayerNormForward
miopenBatchNormBackwardActivation
miopenBatchNormForwardInferenceActivation
miopenBatchNormForwardInferenceActivationInvVariance
miopenBatchNormForwardTrainingActivation
miopenBatchNormForwardTrainingActivation_V2
miopenBatchNormalizationBackward
miopenBatchNormalizationBackward_V2
miopenBatchNormalizationForwardInference
miopenBatchNormalizationForwardInferenceInvVariance
miopenBatchNormalizationForwardInference_V2
miopenBatchNormalizationForwardTraining
miopenBatchNormalizationForwardTraining_V2
miopenBatchNormalizationForwardTraining_V3
miopenCTCLoss
miopenCatForward
miopenCompileFusionPlan
miopenConvolutionABBackwardWeightsGetWorkSpaceSize
miopenConvolutionBackwardBias
miopenConvolutionBackwardData
miopenConvolutionBackwardDataCompileSolution
miopenConvolutionBackwardDataGetSolution
miopenConvolutionBackwardDataGetSolutionCount
miopenConvolutionBackwardDataGetSolutionWorkspaceSize
miopenConvolutionBackwardDataGetWorkSpaceSize
miopenConvolutionBackwardDataGetWorkSpaceSizeRange
miopenConvolutionBackwardDataImmediate
miopenConvolutionBackwardWeights
miopenConvolutionBackwardWeightsCompileSolution
miopenConvolutionBackwardWeightsGetSolution
miopenConvolutionBackwardWeightsGetSolutionCount
miopenConvolutionBackwardWeightsGetSolutionWorkspaceSize
miopenConvolutionBackwardWeightsGetWorkSpaceSize
miopenConvolutionBackwardWeightsGetWorkSpaceSizeRange
miopenConvolutionBackwardWeightsImmediate
miopenConvolutionBiasActivationForward
miopenConvolutionForward
miopenConvolutionForwardBias
miopenConvolutionForwardCompileSolution
miopenConvolutionForwardGetSolution
miopenConvolutionForwardGetSolutionCount
miopenConvolutionForwardGetSolutionWorkspaceSize
miopenConvolutionForwardGetWorkSpaceSize
miopenConvolutionForwardGetWorkSpaceSizeRange
miopenConvolutionForwardImmediate
miopenCreate
miopenCreateActivationDescriptor
miopenCreateActivationProblem
miopenCreateBatchnormProblem
miopenCreateBiasProblem
miopenCreateCTCLossDescriptor
miopenCreateConvProblem
miopenCreateConvolutionDescriptor
miopenCreateDropoutDescriptor
miopenCreateFindOptions
miopenCreateFusionPlan
miopenCreateLRNDescriptor
miopenCreateMhaDescriptor
miopenCreateMhaProblem
miopenCreateOpActivationBackward
miopenCreateOpActivationForward
miopenCreateOpBatchNormBackward
miopenCreateOpBatchNormForward
miopenCreateOpBatchNormInference
miopenCreateOpBiasForward
miopenCreateOpConvForward
miopenCreateOperatorArgs
miopenCreatePoolingDescriptor
miopenCreateRNNDescriptor
miopenCreateReduceTensorDescriptor
miopenCreateSeqTensorDescriptor
miopenCreateSoftmaxDescriptor
miopenCreateSoftmaxProblem
miopenCreateTensorDescriptor
miopenCreateWithStream
miopenDeriveBNTensorDescriptor
miopenDestroy
miopenDestroyActivationDescriptor
miopenDestroyCTCLossDescriptor
miopenDestroyConvolutionDescriptor
miopenDestroyDropoutDescriptor
miopenDestroyFindOptions
miopenDestroyFusionPlan
miopenDestroyLRNDescriptor
miopenDestroyOperatorArgs
miopenDestroyPoolingDescriptor
miopenDestroyProblem
miopenDestroyRNNDescriptor
miopenDestroyReduceTensorDescriptor
miopenDestroySeqTensorDescriptor
miopenDestroySolution
miopenDestroyTensorDescriptor
miopenDropoutBackward
miopenDropoutForward
miopenDropoutGetReserveSpaceSize
miopenDropoutGetStatesSize
miopenEnableProfiling
miopenExecuteFusionPlan
miopenExecuteFusionPlan_v2
miopenFindConvolutionBackwardDataAlgorithm
miopenFindConvolutionBackwardWeightsAlgorithm
miopenFindConvolutionForwardAlgorithm
miopenFindSolutions
miopenFuseProblems
miopenFusedAdam
miopenFusedAdamWithOutput
miopenFusionPlanConvolutionGetAlgo
miopenFusionPlanConvolutionSetAlgo
miopenFusionPlanGetOp
miopenFusionPlanGetWorkSpaceSize
miopenGLUBackward
miopenGLUForward
miopenGet2dPoolingDescriptor
miopenGet4dTensorDescriptor
miopenGetActivationDescriptor
miopenGetCTCLossDescriptor
miopenGetCTCLossWorkspaceSize
miopenGetConvolutionAttribute
miopenGetConvolutionDescriptor
miopenGetConvolutionFindMode
miopenGetConvolutionForwardOutputDim
miopenGetConvolutionGroupCount
miopenGetConvolutionNdDescriptor
miopenGetConvolutionNdForwardOutputDim
miopenGetConvolutionSpatialDim
miopenGetDropoutDescriptor
miopenGetErrorString
miopenGetGetitemWorkspaceSize
miopenGetKernelTime
miopenGetLRNDescriptor
miopenGetLayerNormBackwardWorkspaceSize
miopenGetMhaDescriptor
miopenGetMultiMarginLossForwardWorkspaceSize
miopenGetNdPoolingDescriptor
miopenGetPReLUBackwardWorkspaceSize
miopenGetPoolingForwardOutputDim
miopenGetPoolingIndexType
miopenGetPoolingNdForwardOutputDim
miopenGetPoolingWorkSpaceIndexMode
miopenGetRNNDataSeqTensorDescriptor
miopenGetRNNDescriptor
miopenGetRNNDescriptor_V2
miopenGetRNNHiddenTensorSize
miopenGetRNNInputTensorSize
miopenGetRNNLayerBias
miopenGetRNNLayerBiasOffset
miopenGetRNNLayerBiasSize
miopenGetRNNLayerParam
miopenGetRNNLayerParamOffset
miopenGetRNNLayerParamSize
miopenGetRNNPaddingMode
miopenGetRNNParamsDescriptor
miopenGetRNNParamsSize
miopenGetRNNTempSpaceSizes
miopenGetRNNTrainingReserveSize
miopenGetRNNWorkspaceSize
miopenGetReduceCalculationWorkspaceSize
miopenGetReduceTensorDescriptor
miopenGetReductionIndicesSize
miopenGetReductionWorkspaceSize
miopenGetSoftMarginLossForwardWorkspaceSize
miopenGetSoftmaxDescriptor
miopenGetSolutionSize
miopenGetSolutionSolverId
miopenGetSolutionTime
miopenGetSolutionWorkspaceSize
miopenGetSolverIdConvAlgorithm
miopenGetStream
miopenGetT5LayerNormBackwardWorkspaceSize
miopenGetTensorDescriptor
miopenGetTensorDescriptorSize
miopenGetTensorNumBytes
miopenGetTuningPolicy
miopenGetVersion
miopenGetitemBackward
miopenGroupNormForward
miopenHiddenGetConvolutionFindMode
miopenHiddenSetConvolutionFindMode
miopenInitConvolutionDescriptor
miopenInitConvolutionNdDescriptor
miopenKthvalueForward
miopenLRNBackward
miopenLRNForward
miopenLRNGetWorkSpaceSize
miopenLayerNormBackward
miopenLayerNormForward
miopenLoadSolution
miopenMultiMarginLossForward
miopenOpTensor
miopenPReLUBackward
miopenPoolingBackward
miopenPoolingForward
miopenPoolingGetWorkSpaceSize
miopenPoolingGetWorkSpaceSizeV2
miopenRNNBackwardData
miopenRNNBackwardSeqData
miopenRNNBackwardWeights
miopenRNNBackwardWeightsSeqTensor
miopenRNNForward
miopenRNNForwardInference
miopenRNNForwardTraining
miopenReduceCalculationForward
miopenReduceExtremeForward
miopenReduceTensor
miopenRestoreDropoutDescriptor
miopenRoPEBackward
miopenRoPEForward
miopenRunSolution
miopenSaveSolution
miopenScaleTensor
miopenSet2dPoolingDescriptor
miopenSet4dTensorDescriptor
miopenSet4dTensorDescriptorEx
miopenSetActivationDescriptor
miopenSetAllocator
miopenSetCTCLossDescriptor
miopenSetConvolutionAttribute
miopenSetConvolutionFindMode
miopenSetConvolutionGroupCount
miopenSetDropoutDescriptor
miopenSetFindOptionAttachBinaries
miopenSetFindOptionPreallocatedTensor
miopenSetFindOptionPreallocatedWorkspace
miopenSetFindOptionResultsOrder
miopenSetFindOptionTuning
miopenSetFindOptionWorkspaceLimit
miopenSetLRNDescriptor
miopenSetMhaDescriptor
miopenSetNdPoolingDescriptor
miopenSetNdTensorDescriptorWithLayout
miopenSetOpArgsActivBackward
miopenSetOpArgsActivForward
miopenSetOpArgsBatchNormBackward
miopenSetOpArgsBatchNormForward
miopenSetOpArgsBatchNormInference
miopenSetOpArgsBiasForward
miopenSetOpArgsConvForward
miopenSetPoolingIndexType
miopenSetPoolingWorkSpaceIndexMode
miopenSetProblemTensorDescriptor
miopenSetRNNDataSeqTensorDescriptor
miopenSetRNNDescriptor
miopenSetRNNDescriptor_V2
miopenSetRNNLayerBias
miopenSetRNNLayerParam
miopenSetRNNPaddingMode
miopenSetReduceTensorDescriptor
miopenSetSoftmaxDescriptor
miopenSetStream
miopenSetTensor
miopenSetTensorCastType
miopenSetTensorDescriptor
miopenSetTensorDescriptorV2
miopenSetTransposeConvNdOutputPadding
miopenSetTransposeConvOutputPadding
miopenSetTuningPolicy
miopenSoftMarginLossBackward
miopenSoftMarginLossForward
miopenSoftmaxBackward
miopenSoftmaxBackward_V2
miopenSoftmaxForward
miopenSoftmaxForward_V2
miopenT5LayerNormBackward
miopenT5LayerNormForward
miopenTransformTensor
miopenTransformersAdamW
miopenTransformersAdamWWithOutput
